// Jest Snapshot v1, https://goo.gl/fbAQLP

exports[`AppNavigator renders AuthStack when not authenticated 1`] = `null`;

exports[`AppNavigator renders MainTabs when authenticated 1`] = `null`;
