// Jest Snapshot v1, https://goo.gl/fbAQLP

exports[`AuthStack 스냅샷과 일치함 1`] = `
[
  "Login",
  "Register",
  "ApiTest",
]
`;
