// Jest Snapshot v1, https://goo.gl/fbAQLP

exports[`HomeStack 스냅샷과 일치함 1`] = `null`;
